2024-12-12T10:30:29.402Z [RTM] [32minfo[39m: Skipping network creation. Observe that all external IO operations will yield a runtime error.
>>> Main thread finished with value: ("DONE"@{}%{}, "4b8fe176-c8c3-47c7-89ea-42120acfce28"@{secret}%{}, e2e84c7f-1aac-40ff-b81e-a4f90024ea88@{}%{}@{secret}%{}, 0@{secret}%{})@{secret}%{}
